// Jest Snapshot v1, https://goo.gl/fbAQLP

exports[`IndexPage Snapshot test 1`] = `
<DocumentFragment>
  <div
    class="hero is-fullheight"
  >
    <header>
      <nav
        class="navbar navbar-padding"
      >
        <div
          class="container"
          style="display: block;"
        >
          <div
            class="navbar-brand"
          >
            <a
              class="navbar-item"
              href="/"
            >
              <p
                class="is-size-4 has-text-black"
              >
                LGTMeow
              </p>
            </a>
            <div
              style="align-items: center; display: flex; margin-left: auto;"
            />
            <button
              aria-expanded="false"
              aria-label="menu"
              class="navbar-burger burger "
              data-target="navbar-burger-menu"
              role="button"
              type="button"
            >
              <span
                aria-hidden="true"
              />
              <span
                aria-hidden="true"
              />
              <span
                aria-hidden="true"
              />
            </button>
          </div>
          <div
            class="navbar-menu "
            id="navbar-burger-menu"
          >
            <div
              class="navbar-end"
            >
              <div
                class="navbar-item"
              >
                <div
                  class="buttons"
                >
                  <a
                    class="button"
                    href="/upload"
                    style="margin: 0.5rem 0.75rem;"
                  >
                    <p
                      class="has-text-gray"
                    >
                      猫ちゃん画像をアップロード
                    </p>
                  </a>
                  <button
                    class="button is-outlined"
                    style="margin: 0.5rem 0.75rem;"
                    type="submit"
                  >
                    他の猫ちゃんを表示
                  </button>
                </div>
              </div>
            </div>
          </div>
          <p
            class="is-size-6 header-description-margin has-text-grey"
            style="align-items: center; padding: 0px 0.75rem;"
          >
            猫のLGTM画像を共有出来るサービスです。画像をクリックするとGitHub Markdownがコピーされます。
          </p>
        </div>
      </nav>
    </header>
    <section>
      <div
        class="container"
      >
        <div
          class="columns"
        />
        <div
          class="columns"
        />
        <div
          class="columns"
        />
      </div>
    </section>
    <footer
      class="footer"
    >
      <div
        class="container"
      >
        <nav
          class="level"
        >
          <div
            class="level-left"
          >
            <div
              class="level-item breadcrumb"
            >
              <ul>
                <li>
                  <a
                    href="/terms"
                  >
                    利用規約
                  </a>
                </li>
                <li>
                  <a
                    href="/privacy"
                  >
                    プライバシーポリシー
                  </a>
                </li>
              </ul>
            </div>
          </div>
          <div
            class="level-right"
          >
            <div
              class="content has-text-centered"
            >
              <p>
                Copyright (c) nekochans
              </p>
            </div>
          </div>
        </nav>
      </div>
    </footer>
  </div>
</DocumentFragment>
`;
